exports[`example 2 should do some snapshots 1`] = `
Object {
  "unittestObject": true,
}
`;
